; ModuleID = '0x101__Test2'
source_filename = " This is host specific and removed from comparison "
target datalayout = "e-m:e-p:64:64-i64:64-n32:64-S128"
target triple = "sbf-solana-solana"

declare i32 @memcmp(ptr, ptr, i64)

define i8 @Test2__test2(i8 %0, i8 %1) {
entry:
  %local_0 = alloca i8, align 1
  %local_1 = alloca i8, align 1
  %local_2 = alloca i8, align 1
  %local_3 = alloca i8, align 1
  %local_4 = alloca i8, align 1
  store i8 %0, ptr %local_0, align 1
  store i8 %1, ptr %local_1, align 1
  %load_store_tmp = load i8, ptr %local_0, align 1
  store i8 %load_store_tmp, ptr %local_2, align 1
  %load_store_tmp1 = load i8, ptr %local_1, align 1
  store i8 %load_store_tmp1, ptr %local_3, align 1
  %add_src_0 = load i8, ptr %local_2, align 1
  %add_src_1 = load i8, ptr %local_3, align 1
  %add_dst = add i8 %add_src_0, %add_src_1
  %ovfcond = icmp ult i8 %add_dst, %add_src_0
  br i1 %ovfcond, label %then_bb, label %join_bb

then_bb:                                          ; preds = %entry
  call void @move_rt_abort(i64 4017)
  unreachable

join_bb:                                          ; preds = %entry
  store i8 %add_dst, ptr %local_4, align 1
  %retval = load i8, ptr %local_4, align 1
  ret i8 %retval
}

; Function Attrs: cold noreturn
declare void @move_rt_abort(i64) #0

attributes #0 = { cold noreturn }
