; ModuleID = '0x1__hash'
source_filename = " This is host specific and removed from comparison "
target datalayout = "e-m:e-p:64:64-i64:64-n32:64-S128"
target triple = "sbf-solana-solana"

%__move_rt_type = type { { ptr, i64 }, i64, ptr }

@__move_rttydesc_signer = private unnamed_addr constant %__move_rt_type { { ptr, i64 } { ptr @__move_rttydesc_signer_name, i64 6 }, i64 9, ptr @__move_rttydesc_NOTHING_info }
@__move_rttydesc_signer_name = private unnamed_addr constant [6 x i8] c"signer"
@__move_rttydesc_NOTHING_info = private unnamed_addr constant i8 -1

declare i32 @memcmp(ptr, ptr, i64)

define private void @hash__unit_test_poison() {
entry:
  %local_0 = alloca i64, align 8
  %local_1 = alloca { ptr, i64, i64 }, align 8
  store i64 0, ptr %local_0, align 8
  %loaded_alloca = load i64, ptr %local_0, align 8
  %retval = call { ptr, i64, i64 } @move_native_unit_test_create_signers_for_testing(i64 %loaded_alloca)
  store { ptr, i64, i64 } %retval, ptr %local_1, align 8
  call void @move_rt_vec_destroy(ptr @__move_rttydesc_signer, ptr %local_1)
  ret void
}

declare { ptr, i64, i64 } @move_native_unit_test_create_signers_for_testing(i64)

declare { ptr, i64, i64 } @move_native_hash_sha2_256(ptr)

declare { ptr, i64, i64 } @move_native_hash_sha3_256(ptr)

declare void @move_rt_vec_destroy(ptr nonnull readonly dereferenceable(32), ptr)
