; ModuleID = '0xcafe__BasicCoin'
source_filename = " This is host specific and removed from comparison "
target datalayout = "e-m:e-p:64:64-i64:64-n32:64-S128"
target triple = "sbf-solana-solana"

declare i32 @memcmp(ptr, ptr, i64)
